exports[`test renders without crashing 1`] = `
<div
  className="Loading-container">
  <img
    alt="Loading indicator"
    className="Loading-indicator"
    src="loading-image.svg" />
  <h2>
    Loading...
  </h2>
</div>
`;
